******************************************************************************
                  MSP430 Linker PC v21.6.1                     
******************************************************************************
>> Linked Fri Dec  6 03:15:09 2024

OUTPUT FILE NAME:   <MPU_Stick.out>
ENTRY POINT SYMBOL: "_c_int00_noargs_mpu"  address: 0000ed4c


MEMORY CONFIGURATION

         name            origin    length      used     unused   attr    fill
----------------------  --------  ---------  --------  --------  ----  --------
  TINYRAM               00000006   0000001a  00000000  0000001a  RWIX
  BSL0                  00001000   00000800  00000000  00000800  RWIX
  INFO                  00001800   00000200  00000000  00000200  RWIX
  TLVMEM                00001a00   00000200  00000000  00000200  RWIX
  BOOTCODE              00001c00   00000400  00000000  00000400  RWIX
  RAM                   00002000   00001000  0000046d  00000b93  RWIX
  FRAM                  00008000   00007f80  00006d8e  000011f2  RWIX
  JTAGSIGNATURE         0000ff80   00000004  00000004  00000000  RWIX  ffff 
  BSLSIGNATURE          0000ff84   00000004  00000004  00000000  RWIX  ffff 
  BSLCONFIGURATIONSIGNA 0000ff88   00000002  00000002  00000000  RWIX  ffff 
  BSLCONFIGURATION      0000ff8a   00000002  00000002  00000000  RWIX  ffff 
  BSLI2CADDRESS         0000ffa0   00000002  00000002  00000000  RWIX  ffff 
  INT00                 0000ffa2   00000002  00000000  00000002  RWIX
  INT01                 0000ffa4   00000002  00000000  00000002  RWIX
  INT02                 0000ffa6   00000002  00000000  00000002  RWIX
  INT03                 0000ffa8   00000002  00000000  00000002  RWIX
  INT04                 0000ffaa   00000002  00000000  00000002  RWIX
  INT05                 0000ffac   00000002  00000000  00000002  RWIX
  INT06                 0000ffae   00000002  00000000  00000002  RWIX
  INT07                 0000ffb0   00000002  00000000  00000002  RWIX
  INT08                 0000ffb2   00000002  00000000  00000002  RWIX
  INT09                 0000ffb4   00000002  00000000  00000002  RWIX
  INT10                 0000ffb6   00000002  00000000  00000002  RWIX
  INT11                 0000ffb8   00000002  00000000  00000002  RWIX
  INT12                 0000ffba   00000002  00000000  00000002  RWIX
  INT13                 0000ffbc   00000002  00000000  00000002  RWIX
  INT14                 0000ffbe   00000002  00000000  00000002  RWIX
  INT15                 0000ffc0   00000002  00000000  00000002  RWIX
  INT16                 0000ffc2   00000002  00000000  00000002  RWIX
  INT17                 0000ffc4   00000002  00000000  00000002  RWIX
  INT18                 0000ffc6   00000002  00000000  00000002  RWIX
  INT19                 0000ffc8   00000002  00000000  00000002  RWIX
  INT20                 0000ffca   00000002  00000000  00000002  RWIX
  INT21                 0000ffcc   00000002  00000000  00000002  RWIX
  INT22                 0000ffce   00000002  00000002  00000000  RWIX
  INT23                 0000ffd0   00000002  00000002  00000000  RWIX
  INT24                 0000ffd2   00000002  00000002  00000000  RWIX
  INT25                 0000ffd4   00000002  00000002  00000000  RWIX
  INT26                 0000ffd6   00000002  00000002  00000000  RWIX
  INT27                 0000ffd8   00000002  00000002  00000000  RWIX
  INT28                 0000ffda   00000002  00000002  00000000  RWIX
  INT29                 0000ffdc   00000002  00000002  00000000  RWIX
  INT30                 0000ffde   00000002  00000002  00000000  RWIX
  INT31                 0000ffe0   00000002  00000002  00000000  RWIX
  INT32                 0000ffe2   00000002  00000002  00000000  RWIX
  INT33                 0000ffe4   00000002  00000002  00000000  RWIX
  INT34                 0000ffe6   00000002  00000002  00000000  RWIX
  INT35                 0000ffe8   00000002  00000002  00000000  RWIX
  INT36                 0000ffea   00000002  00000002  00000000  RWIX
  INT37                 0000ffec   00000002  00000002  00000000  RWIX
  INT38                 0000ffee   00000002  00000002  00000000  RWIX
  INT39                 0000fff0   00000002  00000002  00000000  RWIX
  INT40                 0000fff2   00000002  00000002  00000000  RWIX
  INT41                 0000fff4   00000002  00000002  00000000  RWIX
  INT42                 0000fff6   00000002  00000002  00000000  RWIX
  INT43                 0000fff8   00000002  00000002  00000000  RWIX
  INT44                 0000fffa   00000002  00000002  00000000  RWIX
  INT45                 0000fffc   00000002  00000002  00000000  RWIX
  RESET                 0000fffe   00000002  00000002  00000000  RWIX
  ROMLIB                000fac00   00005000  00000000  00005000  RWIX
  BSL1                  000ffc00   00000400  00000000  00000400  RWIX


SECTION ALLOCATION MAP

 output                                  attributes/
section   page    origin      length       input sections
--------  ----  ----------  ----------   ----------------
.TI.persistent 
*          0    00008000    00000000     UNINITIALIZED

.cio       0    00008000    00000000     UNINITIALIZED

.sysmem    0    00008000    00000000     UNINITIALIZED

.cinit     0    00008000    00000030     
                  00008000    0000000e     (.cinit..data.load) [load image, compression = lzss]
                  0000800e    0000000c     (__TI_handler_table)
                  0000801a    00000006     (.cinit..bss.load) [load image, compression = zero_init]
                  00008020    00000010     (__TI_cinit_table)

.pinit     0    00008030    00000000     UNINITIALIZED

.binit     0    00008030    00000000     

.init_array 
*          0    00008030    00000000     UNINITIALIZED

.mspabi.exidx 
*          0    00008030    00000000     UNINITIALIZED

.mspabi.extab 
*          0    00008030    00000000     UNINITIALIZED

.const     0    00008030    000004db     
                  00008030    00000210     IQmathLib_CCS_MPY32_5xx_6xx_CPUX_large_code_small_data.lib : _IQNtables.o (.const:_IQ32atan_coeffs)
                  00008240    00000178     ADCP_Receive.obj (.const:ADCP_Frame_Handler_Array)
                  000083b8    000000c0     IQmathLib_CCS_MPY32_5xx_6xx_CPUX_large_code_small_data.lib : _IQNtables.o (.const:_IQ14sqrt_lookup)
                  00008478    00000041                                                                : _IQNtables.o (.const:.string:_IQ6div_lookup)
                  000084b9    00000001     --HOLE-- [fill = 0]
                  000084ba    00000022     ADCP_Transmit.obj (.const:ADCP_Transmit_Group_1_Frame_Pointers)
                  000084dc    00000011     ADCP_Transmit.obj (.const:.string:ADCP_Transmit_Group_1_Frame_IDs)
                  000084ed    00000001     --HOLE-- [fill = 0]
                  000084ee    00000010     configuration.obj (.const:.string)
                  000084fe    00000009     uart.obj (.const:$P$T0$1)
                  00008507    00000001     --HOLE-- [fill = 0]
                  00008508    00000003     ADCP_Transmit.obj (.const:.string:ADCP_Transmit_Group_1_Priorities)

.text      0    0000850c    0000674e     
                  0000850c    000011b4     motion_processing.obj (.text:MP_update)
                  000096c0    00000abc     LED.obj (.text:LED_update)
                  0000a17c    0000056a     ADCP_Receive.obj (.text:UPDATE_NODE_DATA_callback)
                  0000a6e6    0000040a     motion_processing.obj (.text:MP_Init)
                  0000aaf0    000003c8     configuration.obj (.text:config_read)
                  0000aeb8    0000030e     configuration.obj (.text:config_write)
                  0000b1c6    00000254     MPU9250.obj (.text:MPU9250_read_sensor_data)
                  0000b41a    0000022e     ADCP_Receive.obj (.text:MD_THRESHOLD_TYPE_callback)
                  0000b648    0000022a     ADCP_Receive.obj (.text:MD_WRITE_CONFIG_callback)
                  0000b872    000001d8     IQmathLib_CCS_MPY32_5xx_6xx_CPUX_large_code_small_data.lib : _IQNsqrt.o (.text:_IQmag)
                  0000ba4a    000001d2                                                                : _IQNdiv.o (.text:_IQ12div)
                  0000bc1c    000001ce     ADCP.obj (.text:ADCP_send_control_frame)
                  0000bdea    000001c2     MPU9250.obj (.text:MPU9250_configure)
                  0000bfac    0000019a     ADCP.obj (.text:ADCP_Receive_Dequeue)
                  0000c146    0000017e     IQmathLib_CCS_MPY32_5xx_6xx_CPUX_large_code_small_data.lib : _IQNdiv.o (.text:_UIQ31div)
                  0000c2c4    00000168     MPU9250.obj (.text:MPU9250_Init)
                  0000c42c    0000013e     ADCP.obj (.text:ADCP_CM_Handler)
                  0000c56a    0000013a     IQmathLib_CCS_MPY32_5xx_6xx_CPUX_large_code_small_data.lib : _IQNatan2.o (.text:_IQ12atan2PU)
                  0000c6a4    00000138     MPU9250.obj (.text:MPU9250_calibrate)
                  0000c7dc    0000011c     ADCP_Receive.obj (.text:CONTROL_callback)
                  0000c8f8    0000010a     ADCP.obj (.text:ADCP_Receive_Handler)
                  0000ca02    00000106     ADCP_Receive.obj (.text:LED_UC_WRITE_callback)
                  0000cb08    00000102     main.obj (.text:main)
                  0000cc0a    000000fc     ADCP.obj (.text:ADCP_Receive_Enqueue)
                  0000cd06    000000f4     ADCP_Receive.obj (.text:IMU_CONFIG_REG_B_callback)
                  0000cdfa    000000ee     ADCP.obj (.text:ADCP_read_control_frame)
                  0000cee8    000000ee     rts430x_lc_sd_eabi.lib : copy_decompress_lzss.c.obj (.text:decompress:lzss:__TI_decompress_lzss)
                  0000cfd6    000000cc     ADCP.obj (.text:ADCP_processed_to_raw)
                  0000d0a2    000000c0     ADCP.obj (.text:ADCP_raw_to_processed)
                  0000d162    000000be     ADCP.obj (.text:ADCP_RRQST_Handler)
                  0000d220    000000ba     ADCP.obj (.text:ADCP_Transmit_Enqueue)
                  0000d2da    000000b8     rts430x_lc_sd_eabi.lib : fs_mpy.asm.obj (.text)
                  0000d392    000000ac     ADCP_Receive.obj (.text:LED_MODE_CONFIG_callback)
                  0000d43e    0000009c     LED.obj (.text:LED_gyroscope_percentage_value)
                  0000d4da    00000098     LED.obj (.text:LED_Init)
                  0000d572    00000094     LED.obj (.text:LED_accelerometer_percentage_value)
                  0000d606    00000090     rts430x_lc_sd_eabi.lib : fs_div.asm.obj (.text)
                  0000d696    0000008e     ADCP_Receive.obj (.text:IMU_CONFIG_WRITE_ENABLE_callback)
                  0000d724    00000084     spi.obj (.text:SPI_Transfer)
                  0000d7a8    00000082     ADCP.obj (.text:ADCP_Transmit_Dequeue)
                  0000d82a    0000007e     rts430x_lc_sd_eabi.lib : fs_tol.asm.obj (.text)
                  0000d8a8    0000007a     ADCP_Transmit.obj (.text:ADCP_Transmit_Handler)
                  0000d922    0000006e     ADCP.obj (.text:ADCP_Init)
                  0000d990    0000006e     IQmathLib_CCS_MPY32_5xx_6xx_CPUX_large_code_small_data.lib : _IQNtoF.o (.text:_IQ12toF)
                  0000d9fe    0000006a     rts430x_lc_sd_eabi.lib : autoinit.c.obj (.text:__TI_auto_init_nobinit_nopinit_hold_wdt:__TI_auto_init_nobinit_nopinit_hold_wdt)
                  0000da68    0000005e     ADCP.obj (.text:ADCP_Transmit_Dataframe)
                  0000dac6    0000005c     ADCP_Receive.obj (.text:IMU_CONFIG_REG_A_callback)
                  0000db22    0000005a     spi.obj (.text:SPI_Init)
                  0000db7c    00000058     ADCP_Transmit.obj (.text:ADCP_Transmit_Encode)
                  0000dbd4    00000058     rts430x_lc_sd_eabi.lib : div32u.asm.obj (.text)
                  0000dc2c    00000056     ADCP.obj (.text:ADCP_ERRSTAT_Handler)
                  0000dc82    00000054     ADCP.obj (.text:ADCP_write_data_to_packet)
                  0000dcd6    0000004e     IQmathLib_CCS_MPY32_5xx_6xx_CPUX_large_code_small_data.lib : __IQNmpy.o (.text:_IQ12mpy)
                  0000dd24    0000004c     system.obj (.text:System_Clock_Init)
                  0000dd70    00000048     ADCP.obj (.text:ADCP_Flush_Dataframes)
                  0000ddb8    00000048     ADCP_Receive.obj (.text:MD_ACCEL_Z_THRESHOLD_HIGH_callback)
                  0000de00    00000048     ADCP_Receive.obj (.text:MD_GYRO_X_THRESHOLD_HIGH_callback)
                  0000de48    00000048     ADCP_Receive.obj (.text:MD_GYRO_X_THRESHOLD_LOW_callback)
                  0000de90    00000048     ADCP_Receive.obj (.text:MD_PITCH_THRESHOLD_HIGH_callback)
                  0000ded8    00000048     ADCP_Receive.obj (.text:MD_PITCH_THRESHOLD_LOW_callback)
                  0000df20    00000048     ADCP_Receive.obj (.text:MD_ROLL_THRESHOLD_HIGH_callback)
                  0000df68    00000048     task_manager.obj (.text:Task_Manager_Init)
                  0000dfb0    00000048     task_manager.obj (.text:Task_Manager_Update_Task_States)
                  0000dff8    00000046     ADCP_Receive.obj (.text:MD_ACCEL_Z_THRESHOLD_LOW_callback)
                  0000e03e    00000046     ADCP_Receive.obj (.text:MD_ROLL_THRESHOLD_LOW_callback)
                  0000e084    00000046     rts430x_lc_sd_eabi.lib : fs_tou.asm.obj (.text)
                  0000e0ca    00000044     ADCP_Receive.obj (.text:MD_ACCEL_X_THRESHOLD_HIGH_callback)
                  0000e10e    00000044     ADCP_Receive.obj (.text:MD_ACCEL_Y_THRESHOLD_HIGH_callback)
                  0000e152    00000044     ADCP_Receive.obj (.text:MD_ACCEL_Y_THRESHOLD_LOW_callback)
                  0000e196    00000044     ADCP_Receive.obj (.text:MD_GYRO_Y_THRESHOLD_HIGH_callback)
                  0000e1da    00000044     ADCP_Receive.obj (.text:MD_GYRO_Z_THRESHOLD_HIGH_callback)
                  0000e21e    00000044     ADCP_Receive.obj (.text:MD_GYRO_Z_THRESHOLD_LOW_callback)
                  0000e262    00000044     ADCP_Receive.obj (.text:MD_YAW_THRESHOLD_HIGH_callback)
                  0000e2a6    00000044     ADCP_Receive.obj (.text:MP_PITCH_FILTER_CONSTANT_callback)
                  0000e2ea    00000044     ADCP_Receive.obj (.text:MP_ROLL_FILTER_CONSTANT_callback)
                  0000e32e    00000042     ADCP_Receive.obj (.text:MD_ACCEL_X_THRESHOLD_LOW_callback)
                  0000e370    00000042     ADCP_Receive.obj (.text:MD_GYRO_Y_THRESHOLD_LOW_callback)
                  0000e3b2    00000042     ADCP_Receive.obj (.text:MD_YAW_THRESHOLD_LOW_callback)
                  0000e3f4    00000040     ADCP.obj (.text:ADCP_verify_checksum_raw)
                  0000e434    00000040     rts430x_lc_sd_eabi.lib : cpy_util.asm.obj (.text:__memcpy_far)
                  0000e474    00000040                            : div32s.asm.obj (.text)
                  0000e4b4    0000003e     LED.obj (.text:LED_angle_percentage_value)
                  0000e4f2    0000003e     rts430x_lc_sd_eabi.lib : copy_zero_init.c.obj (.text:decompress:ZI:__TI_zero_init_nomemset:__TI_zero_init_nomemset)
                  0000e530    0000003e                            : asr32.asm.obj (.text:l_asr_const)
                  0000e56e    0000003e                            : lsl32.asm.obj (.text:l_lsl_const)
                  0000e5ac    0000003e                            : lsr32.asm.obj (.text:l_lsr_const)
                  0000e5ea    0000003c     ADCP.obj (.text:ADCP_generate_checksum_raw)
                  0000e626    0000003c     ADCP.obj (.text:ADCP_packet_info)
                  0000e662    0000003c     FRWP_INIT_LIB_CCS_msp430_large_code_small_data.lib : frwp_init.obj (.text:__mpu_init)
                  0000e69e    0000003c     rts430x_lc_sd_eabi.lib : copy_decompress_none.c.obj (.text:decompress:none:__TI_decompress_none)
                  0000e6da    0000003a     MPU9250.obj (.text:MPU9250_read_register)
                  0000e714    0000003a     rts430x_lc_sd_eabi.lib : lsr64.c.obj (.text:__mspabi_srlll)
                  0000e74e    00000036     uart.obj (.text:UART_GPIO_Init)
                  0000e784    00000034     ADCP.obj (.text:ADCP_RSR_write)
                  0000e7b8    00000034     uart.obj (.text:UART_Init)
                  0000e7ec    00000032     EEPROM.obj (.text:EEPROM_read_bytes)
                  0000e81e    00000032     EEPROM.obj (.text:EEPROM_write_byte)
                  0000e850    00000032     MPU9250.obj (.text:MPU9250_data_ready)
                  0000e882    00000032     spi.obj (.text:SPI_GPIO_Init)
                  0000e8b4    00000032     task_manager.obj (.text:Task_Manager_Execute_Tasks)
                  0000e8e6    00000032     ADCP_Receive.obj (.text:write_parameter_acknowledgement)
                  0000e918    0000002c     ADCP.obj (.text:ADCP_packet_type)
                  0000e944    00000028     tick.obj (.text:Tick_Init)
                  0000e96c    00000026     ADCP.obj (.text:ADCP_packet_priority)
                  0000e992    00000026     EEPROM.obj (.text:EEPROM_write_bytes)
                  0000e9b8    00000026     i2c.obj (.text:I2C_read_bytes)
                  0000e9de    00000026     MPU9250.obj (.text:MPU9250_write_register)
                  0000ea04    00000024     rts430x_lc_sd_eabi.lib : fs_utof.asm.obj (.text)
                  0000ea28    00000024                            : mult32_f5hw.asm.obj (.text)
                  0000ea4c    00000020     i2c.obj (.text:I2C_Init)
                  0000ea6c    00000020     ADCP_Receive.obj (.text:MP_YAW_FILTER_CONSTANT_callback)
                  0000ea8c    00000020     uart.obj (.text:UART_flush)
                  0000eaac    0000001e     ADCP.obj (.text:ADCP_packet_frame_id)
                  0000eaca    0000001e     uart.obj (.text:UART_Transmit)
                  0000eae8    0000001c     i2c.obj (.text:I2C_write_byte_and_stop)
                  0000eb04    0000001a     i2c.obj (.text:I2C_GPIO_Init)
                  0000eb1e    0000001a     i2c.obj (.text:I2C_start_write)
                  0000eb38    00000018     i2c.obj (.text:I2C_write_first_byte)
                  0000eb50    00000018     system.obj (.text:delay_ms)
                  0000eb68    00000018     rts430x_lc_sd_eabi.lib : mult16_f5hw.asm.obj (.text)
                  0000eb80    00000016     i2c.obj (.text:I2C_read_last_byte)
                  0000eb96    00000016     i2c.obj (.text:I2C_start_repeated_read)
                  0000ebac    00000016     rts430x_lc_sd_eabi.lib : div16u.asm.obj (.text)
                  0000ebc2    00000014                            : memset.c.obj (.text:memset)
                  0000ebd6    00000012     ADCP.obj (.text:ADCP_verify_checksum_processed)
                  0000ebe8    00000012     i2c.obj (.text:I2C_read_byte)
                  0000ebfa    00000012     i2c.obj (.text:I2C_write_byte)
                  0000ec0c    00000012     rts430x_lc_sd_eabi.lib : memcpy.c.obj (.text:memcpy)
                  0000ec1e    0000000e     LED.obj (.text:LED_map)
                  0000ec2c    0000000e     rts430x_lc_sd_eabi.lib : labs.c.obj (.text:labs)
                  0000ec3a    0000000a                            : lsl16.asm.obj (.text)
                  0000ec44    0000000a                            : lsr16.asm.obj (.text)
                  0000ec4e    00000006                            : exit.c.obj (.text:abort)
                  0000ec54    00000004                            : pre_init.c.obj (.text:_system_pre_init)
                  0000ec58    00000002                            : startup.c.obj (.text:_system_post_cinit)

.text:_isr 
*          0    0000ec5a    00000134     
                  0000ec5a    000000d2     uart.obj (.text:_isr:USCI_A0_ISR)
                  0000ed2c    00000020     main.obj (.text:_isr:Port_2_ISR)
                  0000ed4c    00000020     rts430x_lc_sd_eabi.lib : boot.c.obj (.text:_isr:_c_int00_noargs_mpu)
                  0000ed6c    0000001a     tick.obj (.text:_isr:TIMER_B_ISR)
                  0000ed86    00000008     rts430x_lc_sd_eabi.lib : isr_trap.asm.obj (.text:_isr:__TI_ISR_TRAP)

.bss       0    00002000    0000038d     UNINITIALIZED
                  00002000    000000b4     (.common:ADCP_Receive_Queue)
                  000020b4    000000b4     (.common:ADCP_Transmit_Queue)
                  00002168    00000082     (.common:MP)
                  000021ea    00000076     (.common:config)
                  00002260    0000003e     (.common:MPU9250)
                  0000229e    00000010     (.common:tasks)
                  000022ae    00000005     (.common:ADCP_Error_Status_Frame)
                  000022b3    00000005     (.common:ADCP_Remote_Request_Frame)
                  000022b8    00000004     (.common:ADCP_Transmit_Handle)
                  000022bc    00000004     (.common:CONTROL)
                  000022c0    00000004     (.common:IEEE754)
                  000022c4    00000004     (.common:IMU_CONFIG_REG_A)
                  000022c8    00000004     (.common:IMU_CONFIG_REG_B)
                  000022cc    00000004     (.common:IMU_CONFIG_WRITE_ENABLE)
                  000022d0    00000004     (.common:IMU_X_PROCESSED)
                  000022d4    00000004     (.common:IMU_X_RAW)
                  000022d8    00000004     (.common:IMU_Y_PROCESSED)
                  000022dc    00000004     (.common:IMU_Y_RAW)
                  000022e0    00000004     (.common:IMU_Z_PROCESSED)
                  000022e4    00000004     (.common:IMU_Z_RAW)
                  000022e8    00000004     (.common:LED_MODE_CONFIG)
                  000022ec    00000004     (.common:LED_OUTPUT)
                  000022f0    00000004     (.common:LED_UC_WRITE)
                  000022f4    00000004     (.common:MD_ACCEL_X_THRESHOLD_HIGH)
                  000022f8    00000004     (.common:MD_ACCEL_X_THRESHOLD_LOW)
                  000022fc    00000004     (.common:MD_ACCEL_Y_THRESHOLD_HIGH)
                  00002300    00000004     (.common:MD_ACCEL_Y_THRESHOLD_LOW)
                  00002304    00000004     (.common:MD_ACCEL_Z_THRESHOLD_HIGH)
                  00002308    00000004     (.common:MD_ACCEL_Z_THRESHOLD_LOW)
                  0000230c    00000004     (.common:MD_GYRO_X_THRESHOLD_HIGH)
                  00002310    00000004     (.common:MD_GYRO_X_THRESHOLD_LOW)
                  00002314    00000004     (.common:MD_GYRO_Y_THRESHOLD_HIGH)
                  00002318    00000004     (.common:MD_GYRO_Y_THRESHOLD_LOW)
                  0000231c    00000004     (.common:MD_GYRO_Z_THRESHOLD_HIGH)
                  00002320    00000004     (.common:MD_GYRO_Z_THRESHOLD_LOW)
                  00002324    00000004     (.common:MD_OUTPUT)
                  00002328    00000004     (.common:MD_PITCH_THRESHOLD_HIGH)
                  0000232c    00000004     (.common:MD_PITCH_THRESHOLD_LOW)
                  00002330    00000004     (.common:MD_ROLL_THRESHOLD_HIGH)
                  00002334    00000004     (.common:MD_ROLL_THRESHOLD_LOW)
                  00002338    00000004     (.common:MD_THRESHOLD_TYPE)
                  0000233c    00000004     (.common:MD_WRITE_CONFIG)
                  00002340    00000004     (.common:MD_YAW_THRESHOLD_HIGH)
                  00002344    00000004     (.common:MD_YAW_THRESHOLD_LOW)
                  00002348    00000004     (.common:MP_PITCH_ACCEL)
                  0000234c    00000004     (.common:MP_PITCH_FILTER)
                  00002350    00000004     (.common:MP_PITCH_FILTER_CONSTANT)
                  00002354    00000004     (.common:MP_PITCH_GYRO)
                  00002358    00000004     (.common:MP_ROLL_ACCEL)
                  0000235c    00000004     (.common:MP_ROLL_FILTER)
                  00002360    00000004     (.common:MP_ROLL_FILTER_CONSTANT)
                  00002364    00000004     (.common:MP_ROLL_GYRO)
                  00002368    00000004     (.common:MP_YAW_ACCEL)
                  0000236c    00000004     (.common:MP_YAW_FILTER)
                  00002370    00000004     (.common:MP_YAW_FILTER_CONSTANT)
                  00002374    00000004     (.common:MP_YAW_GYRO)
                  00002378    00000004     (.common:UPDATE_NODE_DATA)
                  0000237c    00000004     (.common:WRITE_PARAMETER)
                  00002380    00000004     (.common:tick_count)
                  00002384    00000002     (.common:LED1_config)
                  00002386    00000002     (.common:LED2_config)
                  00002388    00000002     (.common:LED3_config)
                  0000238a    00000002     (.common:tick_flag)
                  0000238c    00000001     (.common:ADCP_Connection_Management_Frame)

.data      0    0000238e    00000040     UNINITIALIZED
                  0000238e    00000020     ADCP.obj (.data:ADCP_RSR)
                  000023ae    00000009     ADCP.obj (.data)
                  000023b7    00000001     ADCP_Transmit.obj (.data)
                  000023b8    00000009     uart.obj (.data:UART_buffer)
                  000023c1    00000009     ADCP.obj (.data:backup_packet)
                  000023ca    00000002     uart.obj (.data)
                  000023cc    00000001     ADCP.obj (.data:ADCP_flags)
                  000023cd    00000001     uart.obj (.data:UART_status)

.stack     0    00002f60    000000a0     UNINITIALIZED
                  00002f60    00000002     rts430x_lc_sd_eabi.lib : boot.c.obj (.stack)
                  00002f62    0000009e     --HOLE--

PORT4      0    0000ffce    00000002     
                  0000ffce    00000002     rts430x_lc_sd_eabi.lib : int22.asm.obj (.int22)

PORT3      0    0000ffd0    00000002     
                  0000ffd0    00000002     rts430x_lc_sd_eabi.lib : int23.asm.obj (.int23)

PORT2      0    0000ffd2    00000002     
                  0000ffd2    00000002     main.obj (.int24)

PORT1      0    0000ffd4    00000002     
                  0000ffd4    00000002     rts430x_lc_sd_eabi.lib : int25.asm.obj (.int25)

SAC1_SAC3 
*          0    0000ffd6    00000002     
                  0000ffd6    00000002     rts430x_lc_sd_eabi.lib : int26.asm.obj (.int26)

SAC0_SAC2 
*          0    0000ffd8    00000002     
                  0000ffd8    00000002     rts430x_lc_sd_eabi.lib : int27.asm.obj (.int27)

ECOMP0_ECOMP1 
*          0    0000ffda    00000002     
                  0000ffda    00000002     rts430x_lc_sd_eabi.lib : int28.asm.obj (.int28)

ADC        0    0000ffdc    00000002     
                  0000ffdc    00000002     rts430x_lc_sd_eabi.lib : int29.asm.obj (.int29)

EUSCI_B1   0    0000ffde    00000002     
                  0000ffde    00000002     rts430x_lc_sd_eabi.lib : int30.asm.obj (.int30)

EUSCI_B0   0    0000ffe0    00000002     
                  0000ffe0    00000002     rts430x_lc_sd_eabi.lib : int31.asm.obj (.int31)

EUSCI_A1   0    0000ffe2    00000002     
                  0000ffe2    00000002     rts430x_lc_sd_eabi.lib : int32.asm.obj (.int32)

EUSCI_A0   0    0000ffe4    00000002     
                  0000ffe4    00000002     uart.obj (.int33)

WDT        0    0000ffe6    00000002     
                  0000ffe6    00000002     rts430x_lc_sd_eabi.lib : int34.asm.obj (.int34)

RTC        0    0000ffe8    00000002     
                  0000ffe8    00000002     rts430x_lc_sd_eabi.lib : int35.asm.obj (.int35)

TIMER3_B1 
*          0    0000ffea    00000002     
                  0000ffea    00000002     rts430x_lc_sd_eabi.lib : int36.asm.obj (.int36)

TIMER3_B0 
*          0    0000ffec    00000002     
                  0000ffec    00000002     rts430x_lc_sd_eabi.lib : int37.asm.obj (.int37)

TIMER2_B1 
*          0    0000ffee    00000002     
                  0000ffee    00000002     rts430x_lc_sd_eabi.lib : int38.asm.obj (.int38)

TIMER2_B0 
*          0    0000fff0    00000002     
                  0000fff0    00000002     rts430x_lc_sd_eabi.lib : int39.asm.obj (.int39)

TIMER1_B1 
*          0    0000fff2    00000002     
                  0000fff2    00000002     rts430x_lc_sd_eabi.lib : int40.asm.obj (.int40)

TIMER1_B0 
*          0    0000fff4    00000002     
                  0000fff4    00000002     rts430x_lc_sd_eabi.lib : int41.asm.obj (.int41)

TIMER0_B1 
*          0    0000fff6    00000002     
                  0000fff6    00000002     rts430x_lc_sd_eabi.lib : int42.asm.obj (.int42)

TIMER0_B0 
*          0    0000fff8    00000002     
                  0000fff8    00000002     tick.obj (.int43)

UNMI       0    0000fffa    00000002     
                  0000fffa    00000002     rts430x_lc_sd_eabi.lib : int44.asm.obj (.int44)

SYSNMI     0    0000fffc    00000002     
                  0000fffc    00000002     rts430x_lc_sd_eabi.lib : int45.asm.obj (.int45)

.reset     0    0000fffe    00000002     
                  0000fffe    00000002     rts430x_lc_sd_eabi.lib : boot.c.obj (.reset)

$fill000   0    0000ff80    00000004     
                  0000ff80    00000004     --HOLE-- [fill = ffff]

$fill001   0    0000ff84    00000004     
                  0000ff84    00000004     --HOLE-- [fill = ffff]

$fill002   0    0000ff88    00000002     
                  0000ff88    00000002     --HOLE-- [fill = ffff]

$fill003   0    0000ff8a    00000002     
                  0000ff8a    00000002     --HOLE-- [fill = ffff]

$fill004   0    0000ffa0    00000002     
                  0000ffa0    00000002     --HOLE-- [fill = ffff]

MODULE SUMMARY

       Module                       code    ro data   rw data
       ------                       ----    -------   -------
    .\
       main.obj                     290     2         171    
    +--+----------------------------+-------+---------+---------+
       Total:                       290     2         171    
                                                             
    .\src\
       motion_processing.obj        5566    0         0      
       ADCP_Receive.obj             5158    376       0      
       ADCP.obj                     3660    0         411    
       LED.obj                      3280    0         6      
       MPU9250.obj                  1864    0         62     
       configuration.obj            1750    16        118    
       uart.obj                     378     11        12     
       spi.obj                      272     0         0      
       ADCP_Transmit.obj            210     54        1      
       i2c.obj                      254     0         0      
       task_manager.obj             194     0         0      
       ADCP_frames.obj              0       0         192    
       EEPROM.obj                   138     0         0      
       system.obj                   100     0         0      
       tick.obj                     66      2         0      
    +--+----------------------------+-------+---------+---------+
       Total:                       22890   459       802    
                                                             
    C:/ti/msp430/IQMATHLIB_01_10_00_05/libraries/CCS/MPY32/5xx_6xx/IQmathLib_CCS_MPY32_5xx_6xx_CPUX_large_code_small_data.lib
       _IQNdiv.o                    848     0         0      
       _IQNtables.o                 0       785       0      
       _IQNsqrt.o                   472     0         0      
       _IQNatan2.o                  314     0         0      
       _IQNtoF.o                    110     0         0      
       __IQNmpy.o                   78      0         0      
    +--+----------------------------+-------+---------+---------+
       Total:                       1822    785       0      
                                                             
    D:\MICROCONTROLLERS\TI\CCS\ccs\ccs_base\msp430\lib\FR2xx\FRWP_INIT_LIB_CCS_msp430_large_code_small_data.lib
       frwp_init.obj                60      0         0      
    +--+----------------------------+-------+---------+---------+
       Total:                       60      0         0      
                                                             
    D:\MICROCONTROLLERS\TI\CCS\ccs\tools\compiler\ti-cgt-msp430_21.6.1.LTS\lib\rts430x_lc_sd_eabi.lib
       copy_decompress_lzss.c.obj   238     0         0      
       fs_mpy.asm.obj               184     0         0      
       fs_div.asm.obj               144     0         0      
       fs_tol.asm.obj               126     0         0      
       autoinit.c.obj               106     0         0      
       div32u.asm.obj               88      0         0      
       fs_tou.asm.obj               70      0         0      
       cpy_util.asm.obj             64      0         0      
       div32s.asm.obj               64      0         0      
       asr32.asm.obj                62      0         0      
       copy_zero_init.c.obj         62      0         0      
       lsl32.asm.obj                62      0         0      
       lsr32.asm.obj                62      0         0      
       copy_decompress_none.c.obj   60      0         0      
       lsr64.c.obj                  58      0         0      
       fs_utof.asm.obj              36      0         0      
       mult32_f5hw.asm.obj          36      0         0      
       boot.c.obj                   32      2         0      
       mult16_f5hw.asm.obj          24      0         0      
       div16u.asm.obj               22      0         0      
       memset.c.obj                 20      0         0      
       memcpy.c.obj                 18      0         0      
       labs.c.obj                   14      0         0      
       lsl16.asm.obj                10      0         0      
       lsr16.asm.obj                10      0         0      
       isr_trap.asm.obj             8       0         0      
       exit.c.obj                   6       0         0      
       pre_init.c.obj               4       0         0      
       int22.asm.obj                0       2         0      
       int23.asm.obj                0       2         0      
       int25.asm.obj                0       2         0      
       int26.asm.obj                0       2         0      
       int27.asm.obj                0       2         0      
       int28.asm.obj                0       2         0      
       int29.asm.obj                0       2         0      
       int30.asm.obj                0       2         0      
       int31.asm.obj                0       2         0      
       int32.asm.obj                0       2         0      
       int34.asm.obj                0       2         0      
       int35.asm.obj                0       2         0      
       int36.asm.obj                0       2         0      
       int37.asm.obj                0       2         0      
       int38.asm.obj                0       2         0      
       int39.asm.obj                0       2         0      
       int40.asm.obj                0       2         0      
       int41.asm.obj                0       2         0      
       int42.asm.obj                0       2         0      
       int44.asm.obj                0       2         0      
       int45.asm.obj                0       2         0      
       startup.c.obj                2       0         0      
    +--+----------------------------+-------+---------+---------+
       Total:                       1692    44        0      
                                                             
       Stack:                       0       0         160    
       Linker Generated:            0       48        0      
    +--+----------------------------+-------+---------+---------+
       Grand Total:                 26754   1338      1133   


LINKER GENERATED COPY TABLES

__TI_cinit_table @ 00008020 records: 2, size/record: 8, table size: 16
	.data: load addr=00008000, load size=0000000e bytes, run addr=0000238e, run size=00000040 bytes, compression=lzss
	.bss: load addr=0000801a, load size=00000006 bytes, run addr=00002000, run size=0000038d bytes, compression=zero_init


LINKER GENERATED HANDLER TABLE

__TI_handler_table @ 0000800e records: 3, size/record: 4, table size: 12
	index: 0, handler: __TI_zero_init
	index: 1, handler: __TI_decompress_lzss
	index: 2, handler: __TI_decompress_none


GLOBAL SYMBOLS: SORTED ALPHABETICALLY BY Name 

address   name                                   
-------   ----                                   
00000700  ADCCTL0                                
00000701  ADCCTL0_H                              
00000700  ADCCTL0_L                              
00000702  ADCCTL1                                
00000703  ADCCTL1_H                              
00000702  ADCCTL1_L                              
00000704  ADCCTL2                                
00000705  ADCCTL2_H                              
00000704  ADCCTL2_L                              
00000708  ADCHI                                  
00000709  ADCHI_H                                
00000708  ADCHI_L                                
0000071a  ADCIE                                  
0000071b  ADCIE_H                                
0000071a  ADCIE_L                                
0000071c  ADCIFG                                 
0000071d  ADCIFG_H                               
0000071c  ADCIFG_L                               
0000071e  ADCIV                                  
0000071f  ADCIV_H                                
0000071e  ADCIV_L                                
00000706  ADCLO                                  
00000707  ADCLO_H                                
00000706  ADCLO_L                                
0000070a  ADCMCTL0                               
0000070b  ADCMCTL0_H                             
0000070a  ADCMCTL0_L                             
00000712  ADCMEM0                                
00000713  ADCMEM0_H                              
00000712  ADCMEM0_L                              
0000c42c  ADCP_CM_Handler                        
0000238c  ADCP_Connection_Management_Frame       
0000dc2c  ADCP_ERRSTAT_Handler                   
000022ae  ADCP_Error_Status_Frame                
0000dd70  ADCP_Flush_Dataframes                  
00008240  ADCP_Frame_Handler_Array               
0000d922  ADCP_Init                              
0000d162  ADCP_RRQST_Handler                     
0000238e  ADCP_RSR                               
0000e784  ADCP_RSR_write                         
0000bfac  ADCP_Receive_Dequeue                   
0000cc0a  ADCP_Receive_Enqueue                   
0000c8f8  ADCP_Receive_Handler                   
00002000  ADCP_Receive_Queue                     
000023b1  ADCP_Receive_Queue_Back                
000023b3  ADCP_Receive_Queue_Element_Count       
000023b0  ADCP_Receive_Queue_Front               
000023b5  ADCP_Receive_Queue_Status              
000022b3  ADCP_Remote_Request_Frame              
0000da68  ADCP_Transmit_Dataframe                
0000d7a8  ADCP_Transmit_Dequeue                  
0000db7c  ADCP_Transmit_Encode                   
0000d220  ADCP_Transmit_Enqueue                  
000084dc  ADCP_Transmit_Group_1_Frame_IDs        
000084ba  ADCP_Transmit_Group_1_Frame_Pointers   
00008508  ADCP_Transmit_Group_1_Priorities       
000023b7  ADCP_Transmit_Group_1_Tick_Counter     
000022b8  ADCP_Transmit_Handle                   
0000d8a8  ADCP_Transmit_Handler                  
000020b4  ADCP_Transmit_Queue                    
000023af  ADCP_Transmit_Queue_Back               
000023b2  ADCP_Transmit_Queue_Element_Count      
000023ae  ADCP_Transmit_Queue_Front              
000023b4  ADCP_Transmit_Queue_Status             
000023b6  ADCP_connection_status                 
000023cc  ADCP_flags                             
0000e5ea  ADCP_generate_checksum_raw             
0000eaac  ADCP_packet_frame_id                   
0000e626  ADCP_packet_info                       
0000e96c  ADCP_packet_priority                   
0000e918  ADCP_packet_type                       
0000cfd6  ADCP_processed_to_raw                  
0000d0a2  ADCP_raw_to_processed                  
0000cdfa  ADCP_read_control_frame                
0000bc1c  ADCP_send_control_frame                
0000ebd6  ADCP_verify_checksum_processed         
0000e3f4  ADCP_verify_checksum_raw               
0000dc82  ADCP_write_data_to_packet              
00000660  BAKMEM0                                
00000661  BAKMEM0_H                              
00000660  BAKMEM0_L                              
00000662  BAKMEM1                                
00000674  BAKMEM10                               
00000675  BAKMEM10_H                             
00000674  BAKMEM10_L                             
00000676  BAKMEM11                               
00000677  BAKMEM11_H                             
00000676  BAKMEM11_L                             
00000678  BAKMEM12                               
00000679  BAKMEM12_H                             
00000678  BAKMEM12_L                             
0000067a  BAKMEM13                               
0000067b  BAKMEM13_H                             
0000067a  BAKMEM13_L                             
0000067c  BAKMEM14                               
0000067d  BAKMEM14_H                             
0000067c  BAKMEM14_L                             
0000067e  BAKMEM15                               
0000067f  BAKMEM15_H                             
0000067e  BAKMEM15_L                             
00000663  BAKMEM1_H                              
00000662  BAKMEM1_L                              
00000664  BAKMEM2                                
00000665  BAKMEM2_H                              
00000664  BAKMEM2_L                              
00000666  BAKMEM3                                
00000667  BAKMEM3_H                              
00000666  BAKMEM3_L                              
00000668  BAKMEM4                                
00000669  BAKMEM4_H                              
00000668  BAKMEM4_L                              
0000066a  BAKMEM5                                
0000066b  BAKMEM5_H                              
0000066a  BAKMEM5_L                              
0000066c  BAKMEM6                                
0000066d  BAKMEM6_H                              
0000066c  BAKMEM6_L                              
0000066e  BAKMEM7                                
0000066f  BAKMEM7_H                              
0000066e  BAKMEM7_L                              
00000670  BAKMEM8                                
00000671  BAKMEM8_H                              
00000670  BAKMEM8_L                              
00000672  BAKMEM9                                
00000673  BAKMEM9_H                              
00000672  BAKMEM9_L                              
0000ec4e  C$$EXIT                                
000002ee  CAPTIOCTL                              
000002ef  CAPTIOCTL_H                            
000002ee  CAPTIOCTL_L                            
000022bc  CONTROL                                
0000c7dc  CONTROL_callback                       
000008e0  CP0CTL0                                
000008e1  CP0CTL0_H                              
000008e0  CP0CTL0_L                              
000008e2  CP0CTL1                                
000008e3  CP0CTL1_H                              
000008e2  CP0CTL1_L                              
000008f0  CP0DACCTL                              
000008f1  CP0DACCTL_H                            
000008f0  CP0DACCTL_L                            
000008f2  CP0DACDATA                             
000008f3  CP0DACDATA_H                           
000008f2  CP0DACDATA_L                           
000008e6  CP0INT                                 
000008e7  CP0INT_H                               
000008e6  CP0INT_L                               
000008e8  CP0IV                                  
000008e9  CP0IV_H                                
000008e8  CP0IV_L                                
00000900  CP1CTL0                                
00000901  CP1CTL0_H                              
00000900  CP1CTL0_L                              
00000902  CP1CTL1                                
00000903  CP1CTL1_H                              
00000902  CP1CTL1_L                              
00000910  CP1DACCTL                              
00000911  CP1DACCTL_H                            
00000910  CP1DACCTL_L                            
00000912  CP1DACDATA                             
00000913  CP1DACDATA_H                           
00000912  CP1DACDATA_L                           
00000906  CP1INT                                 
00000907  CP1INT_H                               
00000906  CP1INT_L                               
00000908  CP1IV                                  
00000909  CP1IV_H                                
00000908  CP1IV_L                                
000001c0  CRCDI                                  
000001c2  CRCDIRB                                
000001c3  CRCDIRB_H                              
000001c2  CRCDIRB_L                              
000001c1  CRCDI_H                                
000001c0  CRCDI_L                                
000001c4  CRCINIRES                              
000001c5  CRCINIRES_H                            
000001c4  CRCINIRES_L                            
000001c6  CRCRESR                                
000001c7  CRCRESR_H                              
000001c6  CRCRESR_L                              
00000180  CSCTL0                                 
00000181  CSCTL0_H                               
00000180  CSCTL0_L                               
00000182  CSCTL1                                 
00000183  CSCTL1_H                               
00000182  CSCTL1_L                               
00000184  CSCTL2                                 
00000185  CSCTL2_H                               
00000184  CSCTL2_L                               
00000186  CSCTL3                                 
00000187  CSCTL3_H                               
00000186  CSCTL3_L                               
00000188  CSCTL4                                 
00000189  CSCTL4_H                               
00000188  CSCTL4_L                               
0000018a  CSCTL5                                 
0000018b  CSCTL5_H                               
0000018a  CSCTL5_L                               
0000018c  CSCTL6                                 
0000018d  CSCTL6_H                               
0000018c  CSCTL6_L                               
0000018e  CSCTL7                                 
0000018f  CSCTL7_H                               
0000018e  CSCTL7_L                               
00000190  CSCTL8                                 
00000191  CSCTL8_H                               
00000190  CSCTL8_L                               
0000e7ec  EEPROM_read_bytes                      
0000e81e  EEPROM_write_byte                      
0000e992  EEPROM_write_bytes                     
000001a0  FRCTL0                                 
000001a1  FRCTL0_H                               
000001a0  FRCTL0_L                               
000001a4  GCCTL0                                 
000001a5  GCCTL0_H                               
000001a4  GCCTL0_L                               
000001a6  GCCTL1                                 
000001a7  GCCTL1_H                               
000001a6  GCCTL1_L                               
0000eb04  I2C_GPIO_Init                          
0000ea4c  I2C_Init                               
0000ebe8  I2C_read_byte                          
0000e9b8  I2C_read_bytes                         
0000eb80  I2C_read_last_byte                     
0000eb96  I2C_start_repeated_read                
0000eb1e  I2C_start_write                        
0000ebfa  I2C_write_byte                         
0000eae8  I2C_write_byte_and_stop                
0000eb38  I2C_write_first_byte                   
000006c4  ICCILSR0                               
000006c5  ICCILSR0_H                             
000006c4  ICCILSR0_L                             
000006c6  ICCILSR1                               
000006c7  ICCILSR1_H                             
000006c6  ICCILSR1_L                             
000006c8  ICCILSR2                               
000006c9  ICCILSR2_H                             
000006c8  ICCILSR2_L                             
000006ca  ICCILSR3                               
000006cb  ICCILSR3_H                             
000006ca  ICCILSR3_L                             
000006c2  ICCMVS                                 
000006c3  ICCMVS_H                               
000006c2  ICCMVS_L                               
000006c0  ICCSC                                  
000006c1  ICCSC_H                                
000006c0  ICCSC_L                                
000022c0  IEEE754                                
000022c4  IMU_CONFIG_REG_A                       
0000dac6  IMU_CONFIG_REG_A_callback              
000022c8  IMU_CONFIG_REG_B                       
0000cd06  IMU_CONFIG_REG_B_callback              
000022cc  IMU_CONFIG_WRITE_ENABLE                
0000d696  IMU_CONFIG_WRITE_ENABLE_callback       
000022d0  IMU_X_PROCESSED                        
000022d4  IMU_X_RAW                              
000022d8  IMU_Y_PROCESSED                        
000022dc  IMU_Y_RAW                              
000022e0  IMU_Z_PROCESSED                        
000022e4  IMU_Z_RAW                              
00002384  LED1_config                            
00002386  LED2_config                            
00002388  LED3_config                            
0000d4da  LED_Init                               
000022e8  LED_MODE_CONFIG                        
0000d392  LED_MODE_CONFIG_callback               
000022ec  LED_OUTPUT                             
000022f0  LED_UC_WRITE                           
0000ca02  LED_UC_WRITE_callback                  
0000d572  LED_accelerometer_percentage_value     
0000e4b4  LED_angle_percentage_value             
0000d43e  LED_gyroscope_percentage_value         
0000ec1e  LED_map                                
000096c0  LED_update                             
000004c4  MAC                                    
000004da  MAC32H                                 
000004db  MAC32H_H                               
000004da  MAC32H_L                               
000004d8  MAC32L                                 
000004d9  MAC32L_H                               
000004d8  MAC32L_L                               
000004c6  MACS                                   
000004de  MACS32H                                
000004df  MACS32H_H                              
000004de  MACS32H_L                              
000004dc  MACS32L                                
000004dd  MACS32L_H                              
000004dc  MACS32L_L                              
000004c7  MACS_H                                 
000004c6  MACS_L                                 
000004c5  MAC_H                                  
000004c4  MAC_L                                  
000022f4  MD_ACCEL_X_THRESHOLD_HIGH              
0000e0ca  MD_ACCEL_X_THRESHOLD_HIGH_callback     
000022f8  MD_ACCEL_X_THRESHOLD_LOW               
0000e32e  MD_ACCEL_X_THRESHOLD_LOW_callback      
000022fc  MD_ACCEL_Y_THRESHOLD_HIGH              
0000e10e  MD_ACCEL_Y_THRESHOLD_HIGH_callback     
00002300  MD_ACCEL_Y_THRESHOLD_LOW               
0000e152  MD_ACCEL_Y_THRESHOLD_LOW_callback      
00002304  MD_ACCEL_Z_THRESHOLD_HIGH              
0000ddb8  MD_ACCEL_Z_THRESHOLD_HIGH_callback     
00002308  MD_ACCEL_Z_THRESHOLD_LOW               
0000dff8  MD_ACCEL_Z_THRESHOLD_LOW_callback      
0000230c  MD_GYRO_X_THRESHOLD_HIGH               
0000de00  MD_GYRO_X_THRESHOLD_HIGH_callback      
00002310  MD_GYRO_X_THRESHOLD_LOW                
0000de48  MD_GYRO_X_THRESHOLD_LOW_callback       
00002314  MD_GYRO_Y_THRESHOLD_HIGH               
0000e196  MD_GYRO_Y_THRESHOLD_HIGH_callback      
00002318  MD_GYRO_Y_THRESHOLD_LOW                
0000e370  MD_GYRO_Y_THRESHOLD_LOW_callback       
0000231c  MD_GYRO_Z_THRESHOLD_HIGH               
0000e1da  MD_GYRO_Z_THRESHOLD_HIGH_callback      
00002320  MD_GYRO_Z_THRESHOLD_LOW                
0000e21e  MD_GYRO_Z_THRESHOLD_LOW_callback       
00002324  MD_OUTPUT                              
00002328  MD_PITCH_THRESHOLD_HIGH                
0000de90  MD_PITCH_THRESHOLD_HIGH_callback       
0000232c  MD_PITCH_THRESHOLD_LOW                 
0000ded8  MD_PITCH_THRESHOLD_LOW_callback        
00002330  MD_ROLL_THRESHOLD_HIGH                 
0000df20  MD_ROLL_THRESHOLD_HIGH_callback        
00002334  MD_ROLL_THRESHOLD_LOW                  
0000e03e  MD_ROLL_THRESHOLD_LOW_callback         
00002338  MD_THRESHOLD_TYPE                      
0000b41a  MD_THRESHOLD_TYPE_callback             
0000233c  MD_WRITE_CONFIG                        
0000b648  MD_WRITE_CONFIG_callback               
00002340  MD_YAW_THRESHOLD_HIGH                  
0000e262  MD_YAW_THRESHOLD_HIGH_callback         
00002344  MD_YAW_THRESHOLD_LOW                   
0000e3b2  MD_YAW_THRESHOLD_LOW_callback          
00002168  MP                                     
00002260  MPU9250                                
0000c2c4  MPU9250_Init                           
0000c6a4  MPU9250_calibrate                      
0000bdea  MPU9250_configure                      
0000e850  MPU9250_data_ready                     
0000e6da  MPU9250_read_register                  
0000b1c6  MPU9250_read_sensor_data               
0000e9de  MPU9250_write_register                 
000004c0  MPY                                    
000004ec  MPY32CTL0                              
000004ed  MPY32CTL0_H                            
000004ec  MPY32CTL0_L                            
000004d2  MPY32H                                 
000004d3  MPY32H_H                               
000004d2  MPY32H_L                               
000004d0  MPY32L                                 
000004d1  MPY32L_H                               
000004d0  MPY32L_L                               
000004c2  MPYS                                   
000004d6  MPYS32H                                
000004d7  MPYS32H_H                              
000004d6  MPYS32H_L                              
000004d4  MPYS32L                                
000004d5  MPYS32L_H                              
000004d4  MPYS32L_L                              
000004c3  MPYS_H                                 
000004c2  MPYS_L                                 
000004c1  MPY_H                                  
000004c0  MPY_L                                  
0000a6e6  MP_Init                                
00002348  MP_PITCH_ACCEL                         
0000234c  MP_PITCH_FILTER                        
00002350  MP_PITCH_FILTER_CONSTANT               
0000e2a6  MP_PITCH_FILTER_CONSTANT_callback      
00002354  MP_PITCH_GYRO                          
00002358  MP_ROLL_ACCEL                          
0000235c  MP_ROLL_FILTER                         
00002360  MP_ROLL_FILTER_CONSTANT                
0000e2ea  MP_ROLL_FILTER_CONSTANT_callback       
00002364  MP_ROLL_GYRO                           
00002368  MP_YAW_ACCEL                           
0000236c  MP_YAW_FILTER                          
00002370  MP_YAW_FILTER_CONSTANT                 
0000ea6c  MP_YAW_FILTER_CONSTANT_callback        
00002374  MP_YAW_GYRO                            
0000850c  MP_update                              
000004c8  OP2                                    
000004e2  OP2H                                   
000004e3  OP2H_H                                 
000004e2  OP2H_L                                 
000004e0  OP2L                                   
000004e1  OP2L_H                                 
000004e0  OP2L_L                                 
000004c9  OP2_H                                  
000004c8  OP2_L                                  
00000204  P1DIR                                  
0000021a  P1IE                                   
00000218  P1IES                                  
0000021c  P1IFG                                  
00000200  P1IN                                   
0000020e  P1IV                                   
0000020f  P1IV_H                                 
0000020e  P1IV_L                                 
00000202  P1OUT                                  
00000206  P1REN                                  
0000020a  P1SEL0                                 
0000020c  P1SEL1                                 
00000216  P1SELC                                 
00000205  P2DIR                                  
0000021b  P2IE                                   
00000219  P2IES                                  
0000021d  P2IFG                                  
00000201  P2IN                                   
0000021e  P2IV                                   
0000021f  P2IV_H                                 
0000021e  P2IV_L                                 
00000203  P2OUT                                  
00000207  P2REN                                  
0000020b  P2SEL0                                 
0000020d  P2SEL1                                 
00000217  P2SELC                                 
00000224  P3DIR                                  
0000023a  P3IE                                   
00000238  P3IES                                  
0000023c  P3IFG                                  
00000220  P3IN                                   
0000022e  P3IV                                   
0000022f  P3IV_H                                 
0000022e  P3IV_L                                 
00000222  P3OUT                                  
00000226  P3REN                                  
0000022a  P3SEL0                                 
0000022c  P3SEL1                                 
00000236  P3SELC                                 
00000225  P4DIR                                  
0000023b  P4IE                                   
00000239  P4IES                                  
0000023d  P4IFG                                  
00000221  P4IN                                   
0000023e  P4IV                                   
0000023f  P4IV_H                                 
0000023e  P4IV_L                                 
00000223  P4OUT                                  
00000227  P4REN                                  
0000022b  P4SEL0                                 
0000022d  P4SEL1                                 
00000237  P4SELC                                 
00000244  P5DIR                                  
0000025a  P5IE                                   
00000258  P5IES                                  
0000025c  P5IFG                                  
00000240  P5IN                                   
0000024e  P5IV                                   
0000024f  P5IV_H                                 
0000024e  P5IV_L                                 
00000242  P5OUT                                  
00000246  P5REN                                  
0000024a  P5SEL0                                 
0000024c  P5SEL1                                 
00000256  P5SELC                                 
00000245  P6DIR                                  
0000025b  P6IE                                   
00000259  P6IES                                  
0000025d  P6IFG                                  
00000241  P6IN                                   
0000025e  P6IV                                   
0000025f  P6IV_H                                 
0000025e  P6IV_L                                 
00000243  P6OUT                                  
00000247  P6REN                                  
0000024b  P6SEL0                                 
0000024d  P6SEL1                                 
00000257  P6SELC                                 
00000204  PADIR                                  
00000205  PADIR_H                                
00000204  PADIR_L                                
0000021a  PAIE                                   
00000218  PAIES                                  
00000219  PAIES_H                                
00000218  PAIES_L                                
0000021b  PAIE_H                                 
0000021a  PAIE_L                                 
0000021c  PAIFG                                  
0000021d  PAIFG_H                                
0000021c  PAIFG_L                                
00000200  PAIN                                   
00000201  PAIN_H                                 
00000200  PAIN_L                                 
00000202  PAOUT                                  
00000203  PAOUT_H                                
00000202  PAOUT_L                                
00000206  PAREN                                  
00000207  PAREN_H                                
00000206  PAREN_L                                
0000020a  PASEL0                                 
0000020b  PASEL0_H                               
0000020a  PASEL0_L                               
0000020c  PASEL1                                 
0000020d  PASEL1_H                               
0000020c  PASEL1_L                               
00000216  PASELC                                 
00000217  PASELC_H                               
00000216  PASELC_L                               
00000224  PBDIR                                  
00000225  PBDIR_H                                
00000224  PBDIR_L                                
0000023a  PBIE                                   
00000238  PBIES                                  
00000239  PBIES_H                                
00000238  PBIES_L                                
0000023b  PBIE_H                                 
0000023a  PBIE_L                                 
0000023c  PBIFG                                  
0000023d  PBIFG_H                                
0000023c  PBIFG_L                                
00000220  PBIN                                   
00000221  PBIN_H                                 
00000220  PBIN_L                                 
00000222  PBOUT                                  
00000223  PBOUT_H                                
00000222  PBOUT_L                                
00000226  PBREN                                  
00000227  PBREN_H                                
00000226  PBREN_L                                
0000022a  PBSEL0                                 
0000022b  PBSEL0_H                               
0000022a  PBSEL0_L                               
0000022c  PBSEL1                                 
0000022d  PBSEL1_H                               
0000022c  PBSEL1_L                               
00000236  PBSELC                                 
00000237  PBSELC_H                               
00000236  PBSELC_L                               
00000244  PCDIR                                  
00000245  PCDIR_H                                
00000244  PCDIR_L                                
0000025a  PCIE                                   
00000258  PCIES                                  
00000259  PCIES_H                                
00000258  PCIES_L                                
0000025b  PCIE_H                                 
0000025a  PCIE_L                                 
0000025c  PCIFG                                  
0000025d  PCIFG_H                                
0000025c  PCIFG_L                                
00000240  PCIN                                   
00000241  PCIN_H                                 
00000240  PCIN_L                                 
00000242  PCOUT                                  
00000243  PCOUT_H                                
00000242  PCOUT_L                                
00000246  PCREN                                  
00000247  PCREN_H                                
00000246  PCREN_L                                
0000024a  PCSEL0                                 
0000024b  PCSEL0_H                               
0000024a  PCSEL0_L                               
0000024c  PCSEL1                                 
0000024d  PCSEL1_H                               
0000024c  PCSEL1_L                               
00000256  PCSELC                                 
00000257  PCSELC_H                               
00000256  PCSELC_L                               
00000324  PJDIR                                  
00000325  PJDIR_H                                
00000324  PJDIR_L                                
00000320  PJIN                                   
00000321  PJIN_H                                 
00000320  PJIN_L                                 
00000322  PJOUT                                  
00000323  PJOUT_H                                
00000322  PJOUT_L                                
00000326  PJREN                                  
00000327  PJREN_H                                
00000326  PJREN_L                                
0000032a  PJSEL0                                 
0000032b  PJSEL0_H                               
0000032a  PJSEL0_L                               
0000032c  PJSEL1                                 
0000032d  PJSEL1_H                               
0000032c  PJSEL1_L                               
00000336  PJSELC                                 
00000337  PJSELC_H                               
00000336  PJSELC_L                               
00000130  PM5CTL0                                
00000131  PM5CTL0_H                              
00000130  PM5CTL0_L                              
00000120  PMMCTL0                                
00000121  PMMCTL0_H                              
00000120  PMMCTL0_L                              
00000124  PMMCTL2                                
00000125  PMMCTL2_H                              
00000124  PMMCTL2_L                              
0000012a  PMMIFG                                 
0000012b  PMMIFG_H                               
0000012a  PMMIFG_L                               
0000ed2c  Port_2_ISR                             
000004e4  RES0                                   
000004e5  RES0_H                                 
000004e4  RES0_L                                 
000004e6  RES1                                   
000004e7  RES1_H                                 
000004e6  RES1_L                                 
000004e8  RES2                                   
000004e9  RES2_H                                 
000004e8  RES2_L                                 
000004ea  RES3                                   
000004eb  RES3_H                                 
000004ea  RES3_L                                 
000004cc  RESHI                                  
000004cd  RESHI_H                                
000004cc  RESHI_L                                
000004ca  RESLO                                  
000004cb  RESLO_H                                
000004ca  RESLO_L                                
0000030c  RTCCNT                                 
0000030d  RTCCNT_H                               
0000030c  RTCCNT_L                               
00000300  RTCCTL                                 
00000301  RTCCTL_H                               
00000300  RTCCTL_L                               
00000304  RTCIV                                  
00000305  RTCIV_H                                
00000304  RTCIV_L                                
00000308  RTCMOD                                 
00000309  RTCMOD_H                               
00000308  RTCMOD_L                               
00000c84  SAC0DAC                                
00000c88  SAC0DACSTS                             
00000c89  SAC0DACSTS_H                           
00000c88  SAC0DACSTS_L                           
00000c85  SAC0DAC_H                              
00000c84  SAC0DAC_L                              
00000c86  SAC0DAT                                
00000c87  SAC0DAT_H                              
00000c86  SAC0DAT_L                              
00000c8a  SAC0IV                                 
00000c8b  SAC0IV_H                               
00000c8a  SAC0IV_L                               
00000c80  SAC0OA                                 
00000c81  SAC0OA_H                               
00000c80  SAC0OA_L                               
00000c82  SAC0PGA                                
00000c83  SAC0PGA_H                              
00000c82  SAC0PGA_L                              
00000c94  SAC1DAC                                
00000c98  SAC1DACSTS                             
00000c99  SAC1DACSTS_H                           
00000c98  SAC1DACSTS_L                           
00000c95  SAC1DAC_H                              
00000c94  SAC1DAC_L                              
00000c96  SAC1DAT                                
00000c97  SAC1DAT_H                              
00000c96  SAC1DAT_L                              
00000c9a  SAC1IV                                 
00000c9b  SAC1IV_H                               
00000c9a  SAC1IV_L                               
00000c90  SAC1OA                                 
00000c91  SAC1OA_H                               
00000c90  SAC1OA_L                               
00000c92  SAC1PGA                                
00000c93  SAC1PGA_H                              
00000c92  SAC1PGA_L                              
00000ca4  SAC2DAC                                
00000ca8  SAC2DACSTS                             
00000ca9  SAC2DACSTS_H                           
00000ca8  SAC2DACSTS_L                           
00000ca5  SAC2DAC_H                              
00000ca4  SAC2DAC_L                              
00000ca6  SAC2DAT                                
00000ca7  SAC2DAT_H                              
00000ca6  SAC2DAT_L                              
00000caa  SAC2IV                                 
00000cab  SAC2IV_H                               
00000caa  SAC2IV_L                               
00000ca0  SAC2OA                                 
00000ca1  SAC2OA_H                               
00000ca0  SAC2OA_L                               
00000ca2  SAC2PGA                                
00000ca3  SAC2PGA_H                              
00000ca2  SAC2PGA_L                              
00000cb4  SAC3DAC                                
00000cb8  SAC3DACSTS                             
00000cb9  SAC3DACSTS_H                           
00000cb8  SAC3DACSTS_L                           
00000cb5  SAC3DAC_H                              
00000cb4  SAC3DAC_L                              
00000cb6  SAC3DAT                                
00000cb7  SAC3DAT_H                              
00000cb6  SAC3DAT_L                              
00000cba  SAC3IV                                 
00000cbb  SAC3IV_H                               
00000cba  SAC3IV_L                               
00000cb0  SAC3OA                                 
00000cb1  SAC3OA_H                               
00000cb0  SAC3OA_L                               
00000cb2  SAC3PGA                                
00000cb3  SAC3PGA_H                              
00000cb2  SAC3PGA_L                              
00000100  SFRIE1                                 
00000101  SFRIE1_H                               
00000100  SFRIE1_L                               
00000102  SFRIFG1                                
00000103  SFRIFG1_H                              
00000102  SFRIFG1_L                              
00000104  SFRRPCR                                
00000105  SFRRPCR_H                              
00000104  SFRRPCR_L                              
0000e882  SPI_GPIO_Init                          
0000db22  SPI_Init                               
0000d724  SPI_Transfer                           
000004ce  SUMEXT                                 
000004cf  SUMEXT_H                               
000004ce  SUMEXT_L                               
00000142  SYSBSLC                                
00000143  SYSBSLC_H                              
00000142  SYSBSLC_L                              
00000160  SYSCFG0                                
00000161  SYSCFG0_H                              
00000160  SYSCFG0_L                              
00000162  SYSCFG1                                
00000163  SYSCFG1_H                              
00000162  SYSCFG1_L                              
00000164  SYSCFG2                                
00000165  SYSCFG2_H                              
00000164  SYSCFG2_L                              
00000140  SYSCTL                                 
00000141  SYSCTL_H                               
00000140  SYSCTL_L                               
00000146  SYSJMBC                                
00000147  SYSJMBC_H                              
00000146  SYSJMBC_L                              
00000148  SYSJMBI0                               
00000149  SYSJMBI0_H                             
00000148  SYSJMBI0_L                             
0000014a  SYSJMBI1                               
0000014b  SYSJMBI1_H                             
0000014a  SYSJMBI1_L                             
0000014c  SYSJMBO0                               
0000014d  SYSJMBO0_H                             
0000014c  SYSJMBO0_L                             
0000014e  SYSJMBO1                               
0000014f  SYSJMBO1_H                             
0000014e  SYSJMBO1_L                             
0000015e  SYSRSTIV                               
0000015f  SYSRSTIV_H                             
0000015e  SYSRSTIV_L                             
0000015c  SYSSNIV                                
0000015d  SYSSNIV_H                              
0000015c  SYSSNIV_L                              
0000015a  SYSUNIV                                
0000015b  SYSUNIV_H                              
0000015a  SYSUNIV_L                              
0000dd24  System_Clock_Init                      
00000392  TB0CCR0                                
00000393  TB0CCR0_H                              
00000392  TB0CCR0_L                              
00000394  TB0CCR1                                
00000395  TB0CCR1_H                              
00000394  TB0CCR1_L                              
00000396  TB0CCR2                                
00000397  TB0CCR2_H                              
00000396  TB0CCR2_L                              
00000382  TB0CCTL0                               
00000383  TB0CCTL0_H                             
00000382  TB0CCTL0_L                             
00000384  TB0CCTL1                               
00000385  TB0CCTL1_H                             
00000384  TB0CCTL1_L                             
00000386  TB0CCTL2                               
00000387  TB0CCTL2_H                             
00000386  TB0CCTL2_L                             
00000380  TB0CTL                                 
00000381  TB0CTL_H                               
00000380  TB0CTL_L                               
000003a0  TB0EX0                                 
000003a1  TB0EX0_H                               
000003a0  TB0EX0_L                               
000003ae  TB0IV                                  
000003af  TB0IV_H                                
000003ae  TB0IV_L                                
00000390  TB0R                                   
00000391  TB0R_H                                 
00000390  TB0R_L                                 
000003d2  TB1CCR0                                
000003d3  TB1CCR0_H                              
000003d2  TB1CCR0_L                              
000003d4  TB1CCR1                                
000003d5  TB1CCR1_H                              
000003d4  TB1CCR1_L                              
000003d6  TB1CCR2                                
000003d7  TB1CCR2_H                              
000003d6  TB1CCR2_L                              
000003c2  TB1CCTL0                               
000003c3  TB1CCTL0_H                             
000003c2  TB1CCTL0_L                             
000003c4  TB1CCTL1                               
000003c5  TB1CCTL1_H                             
000003c4  TB1CCTL1_L                             
000003c6  TB1CCTL2                               
000003c7  TB1CCTL2_H                             
000003c6  TB1CCTL2_L                             
000003c0  TB1CTL                                 
000003c1  TB1CTL_H                               
000003c0  TB1CTL_L                               
000003e0  TB1EX0                                 
000003e1  TB1EX0_H                               
000003e0  TB1EX0_L                               
000003ee  TB1IV                                  
000003ef  TB1IV_H                                
000003ee  TB1IV_L                                
000003d0  TB1R                                   
000003d1  TB1R_H                                 
000003d0  TB1R_L                                 
00000412  TB2CCR0                                
00000413  TB2CCR0_H                              
00000412  TB2CCR0_L                              
00000414  TB2CCR1                                
00000415  TB2CCR1_H                              
00000414  TB2CCR1_L                              
00000416  TB2CCR2                                
00000417  TB2CCR2_H                              
00000416  TB2CCR2_L                              
00000402  TB2CCTL0                               
00000403  TB2CCTL0_H                             
00000402  TB2CCTL0_L                             
00000404  TB2CCTL1                               
00000405  TB2CCTL1_H                             
00000404  TB2CCTL1_L                             
00000406  TB2CCTL2                               
00000407  TB2CCTL2_H                             
00000406  TB2CCTL2_L                             
00000400  TB2CTL                                 
00000401  TB2CTL_H                               
00000400  TB2CTL_L                               
00000420  TB2EX0                                 
00000421  TB2EX0_H                               
00000420  TB2EX0_L                               
0000042e  TB2IV                                  
0000042f  TB2IV_H                                
0000042e  TB2IV_L                                
00000410  TB2R                                   
00000411  TB2R_H                                 
00000410  TB2R_L                                 
00000452  TB3CCR0                                
00000453  TB3CCR0_H                              
00000452  TB3CCR0_L                              
00000454  TB3CCR1                                
00000455  TB3CCR1_H                              
00000454  TB3CCR1_L                              
00000456  TB3CCR2                                
00000457  TB3CCR2_H                              
00000456  TB3CCR2_L                              
00000458  TB3CCR3                                
00000459  TB3CCR3_H                              
00000458  TB3CCR3_L                              
0000045a  TB3CCR4                                
0000045b  TB3CCR4_H                              
0000045a  TB3CCR4_L                              
0000045c  TB3CCR5                                
0000045d  TB3CCR5_H                              
0000045c  TB3CCR5_L                              
0000045e  TB3CCR6                                
0000045f  TB3CCR6_H                              
0000045e  TB3CCR6_L                              
00000442  TB3CCTL0                               
00000443  TB3CCTL0_H                             
00000442  TB3CCTL0_L                             
00000444  TB3CCTL1                               
00000445  TB3CCTL1_H                             
00000444  TB3CCTL1_L                             
00000446  TB3CCTL2                               
00000447  TB3CCTL2_H                             
00000446  TB3CCTL2_L                             
00000448  TB3CCTL3                               
00000449  TB3CCTL3_H                             
00000448  TB3CCTL3_L                             
0000044a  TB3CCTL4                               
0000044b  TB3CCTL4_H                             
[...]
00000901  CP1CTL0_H                              
00000902  CP1CTL1                                
00000902  CP1CTL1_L                              
00000903  CP1CTL1_H                              
00000906  CP1INT                                 
00000906  CP1INT_L                               
00000907  CP1INT_H                               
00000908  CP1IV                                  
00000908  CP1IV_L                                
00000909  CP1IV_H                                
00000910  CP1DACCTL                              
00000910  CP1DACCTL_L                            
00000911  CP1DACCTL_H                            
00000912  CP1DACDATA                             
00000912  CP1DACDATA_L                           
00000913  CP1DACDATA_H                           
00000c80  SAC0OA                                 
00000c80  SAC0OA_L                               
00000c81  SAC0OA_H                               
00000c82  SAC0PGA                                
00000c82  SAC0PGA_L                              
00000c83  SAC0PGA_H                              
00000c84  SAC0DAC                                
00000c84  SAC0DAC_L                              
00000c85  SAC0DAC_H                              
00000c86  SAC0DAT                                
00000c86  SAC0DAT_L                              
00000c87  SAC0DAT_H                              
00000c88  SAC0DACSTS                             
00000c88  SAC0DACSTS_L                           
00000c89  SAC0DACSTS_H                           
00000c8a  SAC0IV                                 
00000c8a  SAC0IV_L                               
00000c8b  SAC0IV_H                               
00000c90  SAC1OA                                 
00000c90  SAC1OA_L                               
00000c91  SAC1OA_H                               
00000c92  SAC1PGA                                
00000c92  SAC1PGA_L                              
00000c93  SAC1PGA_H                              
00000c94  SAC1DAC                                
00000c94  SAC1DAC_L                              
00000c95  SAC1DAC_H                              
00000c96  SAC1DAT                                
00000c96  SAC1DAT_L                              
00000c97  SAC1DAT_H                              
00000c98  SAC1DACSTS                             
00000c98  SAC1DACSTS_L                           
00000c99  SAC1DACSTS_H                           
00000c9a  SAC1IV                                 
00000c9a  SAC1IV_L                               
00000c9b  SAC1IV_H                               
00000ca0  SAC2OA                                 
00000ca0  SAC2OA_L                               
00000ca1  SAC2OA_H                               
00000ca2  SAC2PGA                                
00000ca2  SAC2PGA_L                              
00000ca3  SAC2PGA_H                              
00000ca4  SAC2DAC                                
00000ca4  SAC2DAC_L                              
00000ca5  SAC2DAC_H                              
00000ca6  SAC2DAT                                
00000ca6  SAC2DAT_L                              
00000ca7  SAC2DAT_H                              
00000ca8  SAC2DACSTS                             
00000ca8  SAC2DACSTS_L                           
00000ca9  SAC2DACSTS_H                           
00000caa  SAC2IV                                 
00000caa  SAC2IV_L                               
00000cab  SAC2IV_H                               
00000cb0  SAC3OA                                 
00000cb0  SAC3OA_L                               
00000cb1  SAC3OA_H                               
00000cb2  SAC3PGA                                
00000cb2  SAC3PGA_L                              
00000cb3  SAC3PGA_H                              
00000cb4  SAC3DAC                                
00000cb4  SAC3DAC_L                              
00000cb5  SAC3DAC_H                              
00000cb6  SAC3DAT                                
00000cb6  SAC3DAT_L                              
00000cb7  SAC3DAT_H                              
00000cb8  SAC3DACSTS                             
00000cb8  SAC3DACSTS_L                           
00000cb9  SAC3DACSTS_H                           
00000cba  SAC3IV                                 
00000cba  SAC3IV_L                               
00000cbb  SAC3IV_H                               
00002000  ADCP_Receive_Queue                     
000020b4  ADCP_Transmit_Queue                    
00002168  MP                                     
000021ea  config                                 
00002260  MPU9250                                
0000229e  tasks                                  
000022ae  ADCP_Error_Status_Frame                
000022b3  ADCP_Remote_Request_Frame              
000022b8  ADCP_Transmit_Handle                   
000022bc  CONTROL                                
000022c0  IEEE754                                
000022c4  IMU_CONFIG_REG_A                       
000022c8  IMU_CONFIG_REG_B                       
000022cc  IMU_CONFIG_WRITE_ENABLE                
000022d0  IMU_X_PROCESSED                        
000022d4  IMU_X_RAW                              
000022d8  IMU_Y_PROCESSED                        
000022dc  IMU_Y_RAW                              
000022e0  IMU_Z_PROCESSED                        
000022e4  IMU_Z_RAW                              
000022e8  LED_MODE_CONFIG                        
000022ec  LED_OUTPUT                             
000022f0  LED_UC_WRITE                           
000022f4  MD_ACCEL_X_THRESHOLD_HIGH              
000022f8  MD_ACCEL_X_THRESHOLD_LOW               
000022fc  MD_ACCEL_Y_THRESHOLD_HIGH              
00002300  MD_ACCEL_Y_THRESHOLD_LOW               
00002304  MD_ACCEL_Z_THRESHOLD_HIGH              
00002308  MD_ACCEL_Z_THRESHOLD_LOW               
0000230c  MD_GYRO_X_THRESHOLD_HIGH               
00002310  MD_GYRO_X_THRESHOLD_LOW                
00002314  MD_GYRO_Y_THRESHOLD_HIGH               
00002318  MD_GYRO_Y_THRESHOLD_LOW                
0000231c  MD_GYRO_Z_THRESHOLD_HIGH               
00002320  MD_GYRO_Z_THRESHOLD_LOW                
00002324  MD_OUTPUT                              
00002328  MD_PITCH_THRESHOLD_HIGH                
0000232c  MD_PITCH_THRESHOLD_LOW                 
00002330  MD_ROLL_THRESHOLD_HIGH                 
00002334  MD_ROLL_THRESHOLD_LOW                  
00002338  MD_THRESHOLD_TYPE                      
0000233c  MD_WRITE_CONFIG                        
00002340  MD_YAW_THRESHOLD_HIGH                  
00002344  MD_YAW_THRESHOLD_LOW                   
00002348  MP_PITCH_ACCEL                         
0000234c  MP_PITCH_FILTER                        
00002350  MP_PITCH_FILTER_CONSTANT               
00002354  MP_PITCH_GYRO                          
00002358  MP_ROLL_ACCEL                          
0000235c  MP_ROLL_FILTER                         
00002360  MP_ROLL_FILTER_CONSTANT                
00002364  MP_ROLL_GYRO                           
00002368  MP_YAW_ACCEL                           
0000236c  MP_YAW_FILTER                          
00002370  MP_YAW_FILTER_CONSTANT                 
00002374  MP_YAW_GYRO                            
00002378  UPDATE_NODE_DATA                       
0000237c  WRITE_PARAMETER                        
00002380  tick_count                             
00002384  LED1_config                            
00002386  LED2_config                            
00002388  LED3_config                            
0000238a  tick_flag                              
0000238c  ADCP_Connection_Management_Frame       
0000238e  ADCP_RSR                               
000023ae  ADCP_Transmit_Queue_Front              
000023af  ADCP_Transmit_Queue_Back               
000023b0  ADCP_Receive_Queue_Front               
000023b1  ADCP_Receive_Queue_Back                
000023b2  ADCP_Transmit_Queue_Element_Count      
000023b3  ADCP_Receive_Queue_Element_Count       
000023b4  ADCP_Transmit_Queue_Status             
000023b5  ADCP_Receive_Queue_Status              
000023b6  ADCP_connection_status                 
000023b7  ADCP_Transmit_Group_1_Tick_Counter     
000023b8  UART_buffer                            
000023c1  backup_packet                          
000023ca  UART_buffer_position                   
000023cb  UART_RX_byte                           
000023cc  ADCP_flags                             
000023cd  UART_status                            
00002f60  _stack                                 
00003000  __STACK_END                            
00008000  fram_rw_start                          
00008000  fram_rx_start                          
0000800e  __TI_Handler_Table_Base                
0000801a  __TI_Handler_Table_Limit               
00008020  __TI_CINIT_Base                        
00008030  _IQ32atan_coeffs                       
00008030  __TI_CINIT_Limit                       
00008030  __TI_CINIT_Warm                        
00008240  ADCP_Frame_Handler_Array               
000083b8  _IQ14sqrt_lookup                       
00008478  _IQ6div_lookup                         
000084ba  ADCP_Transmit_Group_1_Frame_Pointers   
000084dc  ADCP_Transmit_Group_1_Frame_IDs        
00008508  ADCP_Transmit_Group_1_Priorities       
0000850c  MP_update                              
000096c0  LED_update                             
0000a17c  UPDATE_NODE_DATA_callback              
0000a6e6  MP_Init                                
0000aaf0  config_read                            
0000aeb8  config_write                           
0000b1c6  MPU9250_read_sensor_data               
0000b41a  MD_THRESHOLD_TYPE_callback             
0000b648  MD_WRITE_CONFIG_callback               
0000b872  _IQmag                                 
0000ba4a  _IQ12div                               
0000bc1c  ADCP_send_control_frame                
0000bdea  MPU9250_configure                      
0000bfac  ADCP_Receive_Dequeue                   
0000c146  _UIQ31div                              
0000c2c4  MPU9250_Init                           
0000c42c  ADCP_CM_Handler                        
0000c56a  _IQ12atan2PU                           
0000c6a4  MPU9250_calibrate                      
0000c7dc  CONTROL_callback                       
0000c8f8  ADCP_Receive_Handler                   
0000ca02  LED_UC_WRITE_callback                  
0000cb08  main                                   
0000cc0a  ADCP_Receive_Enqueue                   
0000cd06  IMU_CONFIG_REG_B_callback              
0000cdfa  ADCP_read_control_frame                
0000cee8  __TI_decompress_lzss                   
0000cfd6  ADCP_processed_to_raw                  
0000d0a2  ADCP_raw_to_processed                  
0000d162  ADCP_RRQST_Handler                     
0000d220  ADCP_Transmit_Enqueue                  
0000d2da  __mspabi_mpyf                          
0000d392  LED_MODE_CONFIG_callback               
0000d43e  LED_gyroscope_percentage_value         
0000d4da  LED_Init                               
0000d572  LED_accelerometer_percentage_value     
0000d606  __mspabi_divf                          
0000d696  IMU_CONFIG_WRITE_ENABLE_callback       
0000d724  SPI_Transfer                           
0000d7a8  ADCP_Transmit_Dequeue                  
0000d82a  __mspabi_fixfli                        
0000d8a8  ADCP_Transmit_Handler                  
0000d922  ADCP_Init                              
0000d990  _IQ12toF                               
0000d9fe  __TI_auto_init_nobinit_nopinit_hold_wdt
0000da68  ADCP_Transmit_Dataframe                
0000dac6  IMU_CONFIG_REG_A_callback              
0000db22  SPI_Init                               
0000db7c  ADCP_Transmit_Encode                   
0000dbd4  __mspabi_divul                         
0000dbd4  __mspabi_remul                         
0000dc2c  ADCP_ERRSTAT_Handler                   
0000dc82  ADCP_write_data_to_packet              
0000dcd6  _IQ12mpy                               
0000dd24  System_Clock_Init                      
0000dd70  ADCP_Flush_Dataframes                  
0000ddb8  MD_ACCEL_Z_THRESHOLD_HIGH_callback     
0000de00  MD_GYRO_X_THRESHOLD_HIGH_callback      
0000de48  MD_GYRO_X_THRESHOLD_LOW_callback       
0000de90  MD_PITCH_THRESHOLD_HIGH_callback       
0000ded8  MD_PITCH_THRESHOLD_LOW_callback        
0000df20  MD_ROLL_THRESHOLD_HIGH_callback        
0000df68  Task_Manager_Init                      
0000dfb0  Task_Manager_Update_Task_States        
0000dff8  MD_ACCEL_Z_THRESHOLD_LOW_callback      
0000e03e  MD_ROLL_THRESHOLD_LOW_callback         
0000e084  __mspabi_fixfu                         
0000e0ca  MD_ACCEL_X_THRESHOLD_HIGH_callback     
0000e10e  MD_ACCEL_Y_THRESHOLD_HIGH_callback     
0000e152  MD_ACCEL_Y_THRESHOLD_LOW_callback      
0000e196  MD_GYRO_Y_THRESHOLD_HIGH_callback      
0000e1da  MD_GYRO_Z_THRESHOLD_HIGH_callback      
0000e21e  MD_GYRO_Z_THRESHOLD_LOW_callback       
0000e262  MD_YAW_THRESHOLD_HIGH_callback         
0000e2a6  MP_PITCH_FILTER_CONSTANT_callback      
0000e2ea  MP_ROLL_FILTER_CONSTANT_callback       
0000e32e  MD_ACCEL_X_THRESHOLD_LOW_callback      
0000e370  MD_GYRO_Y_THRESHOLD_LOW_callback       
0000e3b2  MD_YAW_THRESHOLD_LOW_callback          
0000e3f4  ADCP_verify_checksum_raw               
0000e434  __memcpy_far                           
0000e474  __mspabi_divli                         
0000e474  __mspabi_remli                         
0000e4b4  LED_angle_percentage_value             
0000e4f2  __TI_zero_init_nomemset                
0000e530  __mspabi_sral_15                       
0000e534  __mspabi_sral_14                       
0000e538  __mspabi_sral_13                       
0000e53c  __mspabi_sral_12                       
0000e540  __mspabi_sral_11                       
0000e544  __mspabi_sral_10                       
0000e548  __mspabi_sral_9                        
0000e54c  __mspabi_sral_8                        
0000e550  __mspabi_sral_7                        
0000e554  __mspabi_sral_6                        
0000e558  __mspabi_sral_5                        
0000e55c  __mspabi_sral_4                        
0000e560  __mspabi_sral_3                        
0000e564  __mspabi_sral_2                        
0000e568  __mspabi_sral_1                        
0000e56e  __mspabi_slll_15                       
0000e572  __mspabi_slll_14                       
0000e576  __mspabi_slll_13                       
0000e57a  __mspabi_slll_12                       
0000e57e  __mspabi_slll_11                       
0000e582  __mspabi_slll_10                       
0000e586  __mspabi_slll_9                        
0000e58a  __mspabi_slll_8                        
0000e58e  __mspabi_slll_7                        
0000e592  __mspabi_slll_6                        
0000e596  __mspabi_slll_5                        
0000e59a  __mspabi_slll_4                        
0000e59e  __mspabi_slll_3                        
0000e5a2  __mspabi_slll_2                        
0000e5a6  __mspabi_slll_1                        
0000e5ac  __mspabi_srll_15                       
0000e5b0  __mspabi_srll_14                       
0000e5b4  __mspabi_srll_13                       
0000e5b8  __mspabi_srll_12                       
0000e5bc  __mspabi_srll_11                       
0000e5c0  __mspabi_srll_10                       
0000e5c4  __mspabi_srll_9                        
0000e5c8  __mspabi_srll_8                        
0000e5cc  __mspabi_srll_7                        
0000e5d0  __mspabi_srll_6                        
0000e5d4  __mspabi_srll_5                        
0000e5d8  __mspabi_srll_4                        
0000e5dc  __mspabi_srll_3                        
0000e5e0  __mspabi_srll_2                        
0000e5e4  __mspabi_srll_1                        
0000e5ea  ADCP_generate_checksum_raw             
0000e626  ADCP_packet_info                       
0000e662  __mpu_init                             
0000e69e  __TI_decompress_none                   
0000e6da  MPU9250_read_register                  
0000e714  __mspabi_srlll                         
0000e74e  UART_GPIO_Init                         
0000e784  ADCP_RSR_write                         
0000e7b8  UART_Init                              
0000e7ec  EEPROM_read_bytes                      
0000e81e  EEPROM_write_byte                      
0000e850  MPU9250_data_ready                     
0000e882  SPI_GPIO_Init                          
0000e8b4  Task_Manager_Execute_Tasks             
0000e918  ADCP_packet_type                       
0000e944  Tick_Init                              
0000e96c  ADCP_packet_priority                   
0000e992  EEPROM_write_bytes                     
0000e9b8  I2C_read_bytes                         
0000e9de  MPU9250_write_register                 
0000ea04  __mspabi_fltuf                         
0000ea28  __mspabi_mpyl_f5hw                     
0000ea4c  I2C_Init                               
0000ea6c  MP_YAW_FILTER_CONSTANT_callback        
0000ea8c  UART_flush                             
0000eaac  ADCP_packet_frame_id                   
0000eaca  UART_Transmit                          
0000eae8  I2C_write_byte_and_stop                
0000eb04  I2C_GPIO_Init                          
0000eb1e  I2C_start_write                        
0000eb38  I2C_write_first_byte                   
0000eb50  delay_ms                               
0000eb68  __mspabi_mpyi_f5hw                     
0000eb80  I2C_read_last_byte                     
0000eb96  I2C_start_repeated_read                
0000ebac  __mspabi_divu                          
0000ebac  __mspabi_remu                          
0000ebc2  memset                                 
0000ebd6  ADCP_verify_checksum_processed         
0000ebe8  I2C_read_byte                          
0000ebfa  I2C_write_byte                         
0000ec0c  memcpy                                 
0000ec1e  LED_map                                
0000ec2c  labs                                   
0000ec3a  __mspabi_slli                          
0000ec44  __mspabi_srli                          
0000ec4e  C$$EXIT                                
0000ec4e  abort                                  
0000ec54  _system_pre_init                       
0000ec58  _system_post_cinit                     
0000ec5a  USCI_A0_ISR                            
0000ed2c  Port_2_ISR                             
0000ed4c  _c_int00_noargs_mpu                    
0000ed6c  TIMER_B_ISR                            
0000ed86  __TI_ISR_TRAP                          
0000ffce  __TI_int22                             
0000ffd0  __TI_int23                             
0000ffd2  __TI_int24                             
0000ffd4  __TI_int25                             
0000ffd6  __TI_int26                             
0000ffd8  __TI_int27                             
0000ffda  __TI_int28                             
0000ffdc  __TI_int29                             
0000ffde  __TI_int30                             
0000ffe0  __TI_int31                             
0000ffe2  __TI_int32                             
0000ffe4  __TI_int33                             
0000ffe6  __TI_int34                             
0000ffe8  __TI_int35                             
0000ffea  __TI_int36                             
0000ffec  __TI_int37                             
0000ffee  __TI_int38                             
0000fff0  __TI_int39                             
0000fff2  __TI_int40                             
0000fff4  __TI_int41                             
0000fff6  __TI_int42                             
0000fff8  __TI_int43                             
0000fffa  __TI_int44                             
0000fffc  __TI_int45                             
0000fffe  _reset_vector                          
ffffffff  __TI_pprof_out_hndl                    
ffffffff  __TI_prof_data_size                    
ffffffff  __TI_prof_data_start                   
ffffffff  __c_args__                             

[1222 symbols]
